
 ❯ tests/devnet/bz-real-proof.test.ts (1 test | 1 failed) 177084ms
     × deposit + private transfer proven by the real prover 174715ms

⎯⎯⎯⎯⎯⎯⎯ Failed Tests 1 ⎯⎯⎯⎯⎯⎯⎯

 FAIL  tests/devnet/bz-real-proof.test.ts > BackerZero Part C — real-proof privacy lifecycle > deposit + private transfer proven by the real prover
ProvingServiceError: Devnet doesn't support storage proofs
 ❯ ProvingService.callOnce ../sdk/src/internal/proving-service.ts:249:13
 ❯ ProvingService.callWithRetry ../sdk/src/internal/proving-service.ts:268:16
 ❯ ProvingService.proveTransaction ../sdk/src/internal/proving-service.ts:290:20
 ❯ RealProofScreeningProvider.prove ../sdk/src/internal/proving-service-provider.ts:121:20
 ❯ RealProofScreeningProvider.prove tests/devnet/bz-harness.ts:157:19
    155|     blockIdentifier?: BlockIdentifier,
    156|   ): Promise<Proof> {
    157|     const proof = await super.prove(
       |                   ^
    158|       invocation,
    159|       blockIdentifier as never,
 ❯ PrivateTransfers.executeWithInvocation ../sdk/src/internal/private-transfers.ts:98:19
 ❯ tests/devnet/bz-real-proof.test.ts:24:38

⎯⎯⎯⎯⎯⎯⎯⎯⎯⎯⎯⎯⎯⎯⎯⎯⎯⎯⎯⎯⎯⎯⎯⎯[1/1]⎯


 Test Files  1 failed (1)
      Tests  1 failed (1)
   Start at  02:06:17
   Duration  177.55s (transform 213ms, setup 19ms, import 366ms, tests 177.08s, environment 0ms)

